<h1>Atlas Lint Report</h1>
Analyzed <strong>migrations/</strong><br><br>
<table><tr><th>Status</th><th>Step</th><th>Result</th><th>Diagnostics</th></tr><tr><td><div align="center"><img src="https://release.ariga.io/images/assets/error.svg" /></div></td><td>Migration Integrity Check</td><td>File atlas.sum is invalid</td><td>checksum mismatch</td></tr><tr><td><div align="center"><img src="https://release.ariga.io/images/assets/special-warning-icon.svg" /></div></td><td colspan="3">Connect your project to <a href="https://auth.ariga.cloud/signup">Atlas Cloud</a> to get more safety checks</td></tr></table>
