<h1>Atlas Lint Report</h1>

<table><tr><th>Status</th><th>Step</th><th>Result</th><th>Diagnostics</th></tr><tr><td><div align="center"><img src="https://release.ariga.io/images/assets/success.svg" /></div></td><td>Migration Integrity Check</td><td>File atlas.sum is valid</td><td></tr><tr><td><div align="center"><img src="https://release.ariga.io/images/assets/success.svg" /></div></td><td>Detect New Migration Files</td><td>Found 1 new migration files (from 4 total)</td><td></tr><tr><td><div align="center"><img src="https://release.ariga.io/images/assets/success.svg" /></div></td><td>Replay Migration Files</td><td>Loaded 1 changes on dev database</td><td></tr><tr><td><div align="center"><img src="https://release.ariga.io/images/assets/error.svg" /></div></td><td>Analyze 20220819081116_drop_orders_total.up.sql</td><td>1 reports were found in analysis</td><td>destructive change detected

Dropping non-virtual column "total" (<a href="https://atlasgo.io/lint/analyzers#DS103">DS103</a>)</td></tr><tr><td><div align="center"><img src="https://release.ariga.io/images/assets/special-warning-icon.svg" /></div></td><td colspan="3">Connect your project to <a href="https://auth.ariga.cloud/login">Ariga Cloud</a> to get more safety checks</td></tr></table>
