<h1>Atlas Lint Report</h1>

<table><tr><th>Status</th><th>Step</th><th>Result</th><th>Diagnostics</th></tr><tr><td><div align="center"><img src="https://release.ariga.io/images/assets/success.svg" /></div></td><td>Detect New Migration Files</td><td>Found 1 new migration files (from 1 total)</td><td></tr><tr><td><div align="center"><img src="https://release.ariga.io/images/assets/error.svg" /></div></td><td>Detect New Migration Files</td><td>Failed loading changes on dev database</td><td>executing statement: near "bad": syntax error</td></tr><tr><td><div align="center"><img src="https://release.ariga.io/images/assets/special-warning-icon.svg" /></div></td><th colspan="3">Connect your project to <a href="https://auth.ariga.cloud/login">Ariga Cloud</a> to get more safety checks</th></tr></table>
