<h1>Atlas Lint Report</h1>

<table><tr><th>status</th><th>Step</th><th>Results</th></tr><tr><td>游릭</td><td>Migration Integrity Check</td><td>File atlas.sum is valid</td><td></tr><tr><td>游릭</td><td>Detect New Migration Files</td><td>Found 2 new migration files (from 2 total)</td><td></tr><tr><td>游릭</td><td>Replay Migration Files</td><td>Loaded 2 changes on dev database</td><td></tr><tr><td>游릭</td><td>Analyze 20220815111810_create_users.up.sql</td><td>0 reports were found in analysis</td><td></tr><tr><td>游리</td><td>Analyze 20220816130609_field.up.sql</td><td>1 reports were found in analysis</td><td>Adding a non-nullable "varchar" column "name" on table "users" without a default value implicitly sets existing rows with "" (<a href="https://atlasgo.io/lint/analyzers#MY101">MY101</a>)</td></tr></table>
