<h1>Atlas Lint Report</h1>

<table><tr><th>Status</th><th>Step</th><th>Result</th><th>Diagnostics</th></tr><tr><td>ğŸ”´</td><td>Migration Integrity Check</td><td>File atlas.sum is invalid</td><td></tr></table>
